******************************************************************************
          TMS320C6x COFF Linker PC v5.1.0                      
******************************************************************************
>> Linked Thu Jan 26 20:49:23 2017

OUTPUT FILE NAME:   <./Debug/lab3.out>
ENTRY POINT SYMBOL: "_c_int00"  address: 000209a0


MEMORY CONFIGURATION

                  name            origin    length      used    attr    fill
         ----------------------  --------  ---------  --------  ----  --------
         IRAM                    00000000   00030000  000212e0  RWIX
         CACHE_L2                00030000   00010000  00000000  RWIX
         SDRAM                   80000000   01000000  00008000  RWIX


SECTION ALLOCATION MAP

 output                                  attributes/
section   page    origin      length       input sections
--------  ----  ----------  ----------   ----------------
.SDRAM$heap 
*          0    80000000    00008000     UNINITIALIZED

.prd       0    00000000    00000000     UNINITIALIZED

.sysdata   0    00000000    00000000     UNINITIALIZED

.sysregs   0    00000000    00000000     UNINITIALIZED

.data      0    00000000    00000000     UNINITIALIZED

.cio       0    00000000    00000000     UNINITIALIZED

frt        0    00000000    00000000     UNINITIALIZED

.gio       0    00000000    00000000     UNINITIALIZED

.dsm       0    00000000    00000000     UNINITIALIZED

.hwi       0    00000000    00000000     UNINITIALIZED

.hwi_vec   0    00000000    00000200     
                  00000000    00000200     lab3ccfg.obj (.hwi_vec)

.far       0    00000200    0000ee16     UNINITIALIZED
                  00000200    0000eba8     codigoP3c.obj (.far)
                  0000eda8    000000f4     csl6713.lib : csl_irq.obj (.far)
                  0000ee9c    0000008c     rts6700.lib : exit.obj (.far)
                  0000ef28    00000038     csl6713.lib : csl_mcbsp.obj (.far)
                  0000ef60    00000028                 : csl.obj (.far)
                  0000ef88    00000028     dsk6713bsl.lib : dsk6713_aic23_registers.obj (.far)
                  0000efb0    00000024     csl6713.lib : csl_timer.obj (.far)
                  0000efd4    00000020     dsk6713bsl.lib : dsk6713_aic23_setfreq.obj (.far)
                  0000eff4    0000000c     biosi.a62 : utl_putc_inst.o (.far)
                  0000f000    00000008     rts6700.lib : _lock.obj (.far)
                  0000f008    00000008     dsk6713bsl.lib : dsk6713_aic23_opencodec.obj (.far)
                  0000f010    00000004     csl6713.lib : csl_cache.obj (.far)
                  0000f014    00000002     dsk6713bsl.lib : dsk6713.obj (.far)

.IRAM$heap 
*          0    0000f016    00008000     UNINITIALIZED

.clk       0    00017018    00000008     UNINITIALIZED
                  00017018    00000008     lab3ccfg.obj (.clk)

.bios      0    00017020    00003d20     
                  00017020    000006e0     biosi.a62 : swi.o62 (.bios)
                  00017700    00000540     lnkrtdx.a62 : rtdx.o62 (.bios)
                  00017c40    00000440     biosi.a62 : hwi_disp_asm.o6 (.bios)
                  00018080    00000320               : prd.o62 (.bios)
                  000183a0    000002a0               : knl_run_inst.o6 (.bios)
                  00018640    000002a0               : sem_pend_inst.o (.bios)
                  000188e0    00000280               : rta.o62 (.bios)
                  00018b60    00000260               : knl_tick_inst.o (.bios)
                  00018dc0    00000220               : clk.o62 (.bios)
                  00018fe0    00000220               : pip.o62 (.bios)
                  00019200    00000200               : sem_dopo_inst.o (.bios)
                  00019400    00000200               : tsk_setu_inst.o (.bios)
                  00019600    000001e0               : tsk_exit_inst.o (.bios)
                  000197e0    000001c0               : knl_swit_inst.o (.bios)
                  000199a0    000001a0               : autoinit.o62 (.bios)
                  00019b40    00000120               : tsk_stup_inst.o (.bios)
                  00019c60    00000100               : knl_exit_inst.o (.bios)
                  00019d60    00000100               : gbl_cslcacheini (.bios)
                  00019e60    00000100               : knl_chec_inst.o (.bios)
                  00019f60    00000100               : idl_cal.o62 (.bios)
                  0001a060    000000e0               : sem_post_asm_in (.bios)
                  0001a140    000000e0               : sem_post_inst.o (.bios)
                  0001a220    000000c0               : sys_exit_inst.o (.bios)
                  0001a2e0    000000c0               : knl_post_inst.o (.bios)
                  0001a3a0    000000c0               : mem_init_inst.o (.bios:.near)
                  0001a460    000000c0               : lck_inst.o62 (.bios)
                  0001a520    000000a0               : knl_ipos_inst.o (.bios)
                  0001a5c0    000000a0               : atm_inst.o62 (.bios)
                  0001a660    000000a0               : clk_start6x.o62 (.bios)
                  0001a700    00000080               : log.o62 (.bios)
                  0001a780    00000080               : idl_busy.o62 (.bios)
                  0001a800    00000080               : fxn.o62 (.bios)
                  0001a880    00000080               : gbl_cslinit62.o (.bios)
                  0001a900    00000060               : tsk_init_inst.o (.bios)
                  0001a960    00000060               : trc_c.o62 (.bios)
                  0001a9c0    00000060               : que_get_inst.o6 (.bios)
                  0001aa20    00000060               : sts.o62 (.bios)
                  0001aa80    00000060               : sem_pend_asm_in (.bios)
                  0001aae0    00000060               : utl_putc_inst.o (.bios)
                  0001ab40    00000060               : utl_doab_inst.o (.bios)
                  0001aba0    00000040               : rta_andn.o62 (.bios)
                  0001abe0    00000040               : idl_stub_inst.o (.bios)
                  0001ac20    00000040               : swi_post.o62 (.bios)
                  0001ac60    00000020               : idl.o62 (.bios)
                  0001ac80    00000020               : utl_halt_inst.o (.bios)
                  0001aca0    00000020               : utl_doer_inst.o (.bios)
                  0001acc0    00000020               : gbl_vers.o62 (.bios)
                  0001ace0    00000020               : fxn_c.o62 (.bios)
                  0001ad00    00000020               : sts_set.o62 (.bios)
                  0001ad20    00000020               : log_printf.o62 (.bios)

.text      0    0001ad40    00002b80     
                  0001ad40    000006a0     codigoP3c.obj (.text)
                  0001b3e0    00000480     dsk6713bsl.lib : dsk6713.obj (.text)
                  0001b860    00000320                    : dsk6713_aic23_opencodec.obj (.text)
                  0001bb80    000002c0     csl6713.lib : csl_cache.obj (.text:_CACHE_setL2Mode)
                  0001be40    00000240                 : csl_cache.obj (.text:_CACHE_wait)
                  0001c080    00000240     rts6700.lib : memcpy62.obj (.text:_memcpy)
                  0001c2c0    00000220     csl6713.lib : csl.obj (.text:__CSL_init)
                  0001c4e0    000001e0     biosi.a62 : gbl_cslpllinit6 (.text)
                  0001c6c0    000001c0     csl6713.lib : csl_irq.obj (.text:_mux2Tables)
                  0001c880    000001a0                 : csl_mcbsp.obj (.text:_MCBSP_reset)
                  0001ca20    00000180                 : csl_cache.obj (.text:_CACHE_clean)
                  0001cba0    00000160     dsk6713bsl.lib : dsk6713_aic23_registers.obj (.text)
                  0001cd00    00000140     csl6713.lib : csl_timer.obj (.text:_TIMER_open)
                  0001ce40    00000120                 : csl_timer.obj (.text:_TIMER_reset)
                  0001cf60    00000100                 : csl_cache.obj (.text:_CACHE_wbInvL1d)
                  0001d060    00000100                 : csl_mcbsp.obj (.text:_MCBSP_start)
                  0001d160    00000100                 : csl_mcbsp.obj (.text:_MCBSP_open)
                  0001d260    000000e0     rts6700.lib : strasg.obj (.text:__strasg)
                  0001d340    000000e0                 : exit.obj (.text:_atexit)
                  0001d420    000000c0     dsk6713bsl.lib : dsk6713_aic23_setfreq.obj (.text)
                  0001d4e0    000000a0     csl6713.lib : csl_irq.obj (.text:__IRQ_init)
                  0001d580    00000080     dsk6713bsl.lib : dsk6713_dip.obj (.text)
                  0001d600    00000080                    : dsk6713_aic23_write.obj (.text)
                  0001d680    00000060                    : dsk6713_aic23_read.obj (.text)
                  0001d6e0    00000060     csl6713.lib : csl_timer.obj (.text:_TIMER_configArgs)
                  0001d740    00000040                 : csl_timer.obj (.text:_TIMER_start)
                  0001d780    00000040                 : csl_irq.obj (.text:_IRQ_enable)
                  0001d7c0    00000020                 : csl_irq.obj (.text)
                  0001d7e0    00000020     rts6700.lib : _lock.obj (.text:__register_unlock)
                  0001d800    00000020     csl6713.lib : csl_irq.obj (.text:_IRQ_globalRestore)
                  0001d820    00000020                 : csl_irq.obj (.text:_IRQ_globalEnable)
                  0001d840    00000020     rts6700.lib : _lock.obj (.text:__register_lock)
                  0001d860    00000020     csl6713.lib : csl_irq.obj (.text:_IRQ_globalDisable)
                  0001d880    00000020     lab3ccfg_c.obj (.text:CSL_cfgInit)
                  0001d8a0    00000020     rts6700.lib : _lock.obj (.text:__nop)

.cinit     0    0001d8c0    00000fe4     
                  0001d8c0    000005ec     lab3ccfg.obj (.cinit)
                  0001deac    00000004     --HOLE-- [fill = 0]
                  0001deb0    000002dc     biosi.a62 : biosdata.o62 (.cinit)
                  0001e18c    00000004     --HOLE-- [fill = 0]
                  0001e190    00000148     codigoP3c.obj (.cinit)
                  0001e2d8    0000012c     csl6713.lib : csl_irq.obj (.cinit)
                  0001e404    00000004     --HOLE-- [fill = 0]
                  0001e408    000000a8     biosi.a62 : knl_inst.o62 (.cinit)
                  0001e4b0    0000005c     lnkrtdx.a62 : rtdx.o62 (.cinit)
                  0001e50c    00000004     --HOLE-- [fill = 0]
                  0001e510    00000054     csl6713.lib : csl_mcbsp.obj (.cinit)
                  0001e564    00000004     --HOLE-- [fill = 0]
                  0001e568    0000004c     biosi.a62 : tsk_inst.o62 (.cinit)
                  0001e5b4    00000004     --HOLE-- [fill = 0]
                  0001e5b8    0000004c     csl6713.lib : csl_timer.obj (.cinit)
                  0001e604    00000004     --HOLE-- [fill = 0]
                  0001e608    0000004c     biosi.a62 : rta.o62 (.cinit)
                  0001e654    00000004     --HOLE-- [fill = 0]
                  0001e658    00000048               : knl_inst.o62 (.cinit:c)
                  0001e6a0    0000003c     csl6713.lib : csl.obj (.cinit)
                  0001e6dc    00000004     --HOLE-- [fill = 0]
                  0001e6e0    00000030     dsk6713bsl.lib : dsk6713_aic23_registers.obj (.cinit)
                  0001e710    0000002c     biosi.a62 : utl_putc_inst.o (.cinit)
                  0001e73c    00000004     --HOLE-- [fill = 0]
                  0001e740    0000002c     rts6700.lib : exit.obj (.cinit)
                  0001e76c    00000004     --HOLE-- [fill = 0]
                  0001e770    0000002c     biosi.a62 : tsk_stup_inst.o (.cinit)
                  0001e79c    00000004     --HOLE-- [fill = 0]
                  0001e7a0    00000028     dsk6713bsl.lib : dsk6713_aic23_setfreq.obj (.cinit)
                  0001e7c8    0000001c     biosi.a62 : hwi.o62 (.cinit)
                  0001e7e4    00000004     --HOLE-- [fill = 0]
                  0001e7e8    0000001c     rts6700.lib : _lock.obj (.cinit)
                  0001e804    00000004     --HOLE-- [fill = 0]
                  0001e808    00000018     biosi.a62 : knl_tick_inst.o (.cinit)
                  0001e820    00000010               : gbl.o62 (.cinit:c)
                  0001e830    00000010               : clk_start6x.o62 (.cinit)
                  0001e840    00000010               : tsk_inst.o62 (.cinit:c)
                  0001e850    00000010               : sys_inst.o62 (.cinit:c)
                  0001e860    0000000c               : idl_busy.o62 (.cinit)
                  0001e86c    00000004     --HOLE-- [fill = 0]
                  0001e870    0000000c     rtdx.lib : buffer1.o62 (.cinit)
                  0001e87c    00000004     --HOLE-- [fill = 0]
                  0001e880    0000000c     csl6713.lib : csl_cache.obj (.cinit)
                  0001e88c    00000004     --HOLE-- [fill = 0]
                  0001e890    0000000c     biosi.a62 : knl_swit_inst.o (.cinit)
                  0001e89c    00000008     --HOLE-- [fill = 0]

.hst1      0    0001e8a4    00000010     UNINITIALIZED
                  0001e8a4    00000010     lab3ccfg.obj (.hst1)

.trcdata   0    0001e8b4    0000000c     
                  0001e8b4    0000000c     lab3ccfg.obj (.trcdata)

.rtdx_text 
*          0    0001e8c0    00000cc0     
                  0001e8c0    00000700     rtdx.lib : rtdx_mon.o62 (.rtdx_text)
                  0001efc0    00000580              : buffer1.o62 (.rtdx_text)
                  0001f540    00000040              : intr_tgt.o62 (.rtdx_text)

.bss       0    0001f580    00000510     UNINITIALIZED
                  0001f580    00000134     biosi.a62 : biosdata.o62 (.bss)
                  0001f6b4    00000100               : hwi_disp_asm.o6 (.bss)
                  0001f7b4    000000e0               : knl_inst.o62 (.bss)
                  0001f894    0000009c     lab3ccfg.obj (.bss)
                  0001f930    00000048     codigoP3c.obj (.bss)
                  0001f978    00000040     biosi.a62 : knl_inst.o62 (.bss:c)
                  0001f9b8    00000038               : tsk_inst.o62 (.bss)
                  0001f9f0    00000024               : tsk_stup_inst.o (.bss)
                  0001fa14    00000020               : sys_inst.o62 (.bss)
                  0001fa34    00000018     lnkrtdx.a62 : rtdx.o62 (.bss)
                  0001fa4c    00000010     biosi.a62 : knl_tick_inst.o (.bss)
                  0001fa5c    00000008               : hwi.o62 (.bss)
                  0001fa64    00000008               : sys_inst.o62 (.bss:c)
                  0001fa6c    00000008               : tsk_inst.o62 (.bss:c)
                  0001fa74    00000008               : gbl.o62 (.bss:c)
                  0001fa7c    00000008               : clk_start6x.o62 (.bss)
                  0001fa84    00000004               : idl_busy.o62 (.bss)
                  0001fa88    00000004               : gbl_cslinit62.o (.bss)
                  0001fa8c    00000004               : mem_asm.o62 (.bss)

.rtdx_data 
*          0    0001fa90    0000044c     UNINITIALIZED
                  0001fa90    00000410     lab3ccfg.obj (.rtdx_data)
                  0001fea0    00000020     rtdx.lib : buffer1.o62 (.rtdx_data)
                  0001fec0    0000001c              : rtdx_mon.o62 (.rtdx_data)

.mem       0    0001fedc    00000004     UNINITIALIZED
                  0001fedc    00000004     lab3ccfg.obj (.mem)

.stack     0    0001fee0    00000400     
                  0001fee0    00000400     --HOLE-- [fill = 00c0ffee]

.TSK_idle$stk 
*          0    000202e0    00000400     UNINITIALIZED
                  000202e0    00000400     lab3ccfg.obj (.TSK_idle$stk)

.sysinit   0    000206e0    000003a0     
                  000206e0    000002c0     lab3ccfg.obj (.sysinit)
                  000209a0    000000e0     biosi.a62 : boot.o62 (.sysinit)

.trace     0    00020a80    00000200     
                  00020a80    00000200     --HOLE-- [fill = 00000000]

.hst0      0    00020c80    00000100     UNINITIALIZED
                  00020c80    00000100     lab3ccfg.obj (.hst0)

.tsk       0    00020d80    00000060     UNINITIALIZED
                  00020d80    00000060     lab3ccfg.obj (.tsk)

.sys       0    00020de0    00000010     UNINITIALIZED
                  00020de0    00000010     lab3ccfg.obj (.sys)

.pinit     0    00020df0    0000000c     
                  00020df0    00000004     rtdx.lib : rtdx_mon.o62 (.pinit)
                  00020df4    00000004              : buffer1.o62 (.pinit)
                  00020df8    00000004     --HOLE-- [fill = 0]

.args      0    00020dfc    00000004     
                  00020dfc    00000004     --HOLE-- [fill = 00000000]

.LOG_system$buf 
*          0    00020e00    00000100     
                  00020e00    00000100     lab3ccfg.obj (.LOG_system$buf) [fill = ffffffff]

.LOG0$buf 
*          0    00020f00    00000100     
                  00020f00    00000100     lab3ccfg.obj (.LOG0$buf) [fill = ffffffff]

.const     0    00021000    000000de     
                  00021000    00000040     dsk6713bsl.lib : dsk6713_aic23_opencodec.obj (.const)
                  00021040    00000020     csl6713.lib : csl_cache.obj (.const)
                  00021060    00000020     dsk6713bsl.lib : dsk6713.obj (.const)
                  00021080    00000023     biosi.a62 : utl_doab_inst.o (.const)
                  000210a3    00000022               : utl_doer_inst.o (.const)
                  000210c5    00000018     codigoP3c.obj (.const)
                  000210dd    00000001     biosi.a62 : tsk_inst.o62 (.const)

.pip       0    000210e0    000000c8     UNINITIALIZED
                  000210e0    000000c8     lab3ccfg.obj (.pip)

.gblinit   0    000211a8    00000034     
                  000211a8    00000034     lab3ccfg.obj (.gblinit)

.log       0    000211dc    00000030     
                  000211dc    00000030     lab3ccfg.obj (.log)

.sts       0    0002120c    00000030     
                  0002120c    00000030     lab3ccfg.obj (.sts)

.swi       0    0002123c    0000002c     UNINITIALIZED
                  0002123c    0000002c     lab3ccfg.obj (.swi)

.hst       0    00021268    0000002c     UNINITIALIZED
                  00021268    0000002c     lab3ccfg.obj (.hst)

.idl       0    00021294    00000028     UNINITIALIZED
                  00021294    00000014     lab3ccfg.obj (.idl)
                  000212a8    00000014     lab3ccfg.obj (.idlcal)

.switch    0    000212bc    00000028     
                  000212bc    00000028     rtdx.lib : rtdx_mon.o62 (.switch)


GLOBAL SYMBOLS: SORTED ALPHABETICALLY BY Name 

address    name
--------   ----
0001f580   $bss
0001f580   .bss
00000000   .data
0001ad40   .text
0002089c   BIOS$$CLKOFF
0002086c   BIOS$$CLKON
000206e0   BIOS_init
000208fc   BIOS_start
00000000   BUF$
00000001   BUF_ENABLED
ffffffff   CACHE_L2
00000001   CLK$
00017018   CLK_A_TABBEG
00017020   CLK_A_TABEND
00000008   CLK_A_TABLEN
0000dbba   CLK_COUNTSPMS
00000000   CLK_COUNTSPMSHIGH
0001f5a8   CLK_D_idletime
0001f5a4   CLK_D_isrhook
0001f5a0   CLK_D_tabbeg
0001f59c   CLK_D_timefxn
00018dc0   CLK_F_getfhtime
00018de0   CLK_F_gethtime
00018e54   CLK_F_getltime
00018de0   CLK_F_getshtime
00018e60   CLK_F_isr
00018f9c   CLK_F_itime
00017c40   CLK_HOOKFXN
00004000   CLK_INTBIT
0000dbba   CLK_PRD
00000000   CLK_PRDHIGH
01940000   CLK_REGS
0001f598   CLK_R_time
00000020   CLK_TCR
00000000   CLK_TDDR
00000000   CLK_TDDRHIGH
00018de0   CLK_TIMEFXN
00000000   CLK_TIMERNUM
00000001   CLK_USETIMER
0001701c   CLK_null
00000000   DEV$
00000000   DGN$
00000000   DHL$
00000000   DHL_gChannelsAvailable
00000000   DIO$
00000000   DIO_NUMSWIBASE
00000000   DIO_NUMTSKBASE
00000000   DIO_STATIC
00000000   DPI$
0001a800   FXN_F_nop
0001a808   FXN_F_run
0001a858   FXN_F_zero
00000001   GBL$
00000490   GBL_A_VERSION
00000000   GBL_BIGENDIAN
00000000   GBL_C641XL2PRIORITY
00000000   GBL_CACHE
00000001   GBL_CALLCSLCFGINIT
00000001   GBL_ENABLEINST
00000042   GBL_FOOTPRINT
0001acc0   GBL_F_version
00002226   GBL_L2ALLOC
00000000   GBL_L2CONFIGALLOC
00000001   GBL_L2CONFIGURE
00000001   GBL_L2MARMASK
00000000   GBL_L2MARMASK1
00000000   GBL_L2MARMASK2
00000000   GBL_L2MARMASK3
00000000   GBL_L2MARMASK4
00000000   GBL_L2MARMASK5
00000007   GBL_L2MODE
00000000   GBL_L2PRIORITY
00000000   GBL_NULL
00000000   GBL_ROM
00000001   GBL_SUPPORTCSL
0000dbef   GBL_TRCMASKVALUE
00000001   GBL_USERINIT
0001c508   GBL_USERINITFXN
00000001   GBL_boot
0001e8bc   GBL_initdone
0001fee0   GBL_stackbeg
000202df   GBL_stackend
00000000   GIO$
0001ace0   GIO_CREATEFXN
0001ace0   GIO_DELETEFXN
0001ace0   GIO_PENDFXN
0001ace0   GIO_POSTFXN
00000000   HOOK$
00000000   HOOK_KNLID
00000001   HST$
00021268   HST_A_TABBEG
00021294   HST_A_TABEND
00000002   HST_A_TABLEN
00000000   HST_DSM
0001f8b0   HST_DSMBUFSEG
00000400   HST_DSMMEMSIZE
0001f698   HST_D_chanmask
00000100   HST_MAXFRAMEALLOWED
00000040   HST_MAXFRAMESET
00000000   HST_NONE
00000001   HST_RTDX
00000001   HWI$
00000000   HWI_A_VECS
0001fa5c   HWI_D_ccmask
00017c40   HWI_F_dispatch
00000000   HWI_GENERATE_RESET_VEC
0000000a   HWI_INT10
0000000b   HWI_INT11
0000000c   HWI_INT12
0000000d   HWI_INT13
0000000e   HWI_INT14
0000000f   HWI_INT15
00000004   HWI_INT4
00000005   HWI_INT5
00000006   HWI_INT6
00000007   HWI_INT7
00000008   HWI_INT8
00000009   HWI_INT9
082d3da3   HWI_INTRMULTHIGH
310718a4   HWI_INTRMULTLOW
00000001   HWI_NMI
00000000   HWI_POLARITYMASK
00000002   HWI_RESERVED0
00000003   HWI_RESERVED1
00000000   HWI_RESET
00000001   HWI_ZEROTAB
00000001   IDL$
000212a0   IDL0
000212b4   IDL0$
000212a8   IDL_A_CALBEG
000212bc   IDL_A_CALEND
00000002   IDL_A_CALLEN
00021294   IDL_A_TABBEG
000212a8   IDL_A_TABEND
00000002   IDL_A_TABLEN
0001abe0   IDL_CALIBRFXN
0001fa84   IDL_D_busyObj
0001f588   IDL_D_calbeg
0001f584   IDL_D_calibrate
0001f580   IDL_D_tabbeg
000212a4   IDL_END
000212b8   IDL_END$
0001a780   IDL_F_busy
00019f60   IDL_F_calibrate
0001ac60   IDL_F_loop
0001abe0   IDL_F_stub
00000001   IDL_USECLKIDLTIME
00021230   IDL_busyObj
0002122c   IDL_busyObj$stsobj
0002129c   IDL_cpuLoad
000212b0   IDL_cpuLoad$
0001f8b0   IRAM
0000f016   IRAM$B
00008000   IRAM$L
00000001   ISRC$
00019960   KNL_glue
0002123c   KNL_swi
00021210   KNL_swi$sts
0002120c   KNL_swi$sts$stsobj
00000001   LCK$
00017700   LNK_F_checkBufferCall
00017774   LNK_F_dataPump
00017720   LNK_F_getChanPtr
0001776c   LNK_F_init
00017c18   LNK_F_readCallBack
00021294   LNK_dataPump
000212a8   LNK_dataPump$
0001fa38   LNK_dspFrameReadyMask
0001fa34   LNK_dspFrameRequestMask
000179c8   LNK_newin
00017ad8   LNK_newout
00017780   LNK_rcloop
00017830   LNK_rdrtry
0001fa40   LNK_readDone
0001fa44   LNK_readFail
0001fa3c   LNK_readPend
00017838   LNK_rrloop
0001fa48   LNK_writeFail
000178f8   LNK_wrloop
000178f0   LNK_wrrtry
00000001   LOG$
000211f4   LOG0
00020f00   LOG0$buf
00000040   LOG0$size
000211dc   LOG_A_TABBEG
0002120c   LOG_A_TABEND
00000002   LOG_A_TABLEN
0001f58c   LOG_D_system
00000001   LOG_ENABLED
0001a700   LOG_F_event
000211dc   LOG_system
00020e00   LOG_system$buf
00000040   LOG_system$size
00000000   MBX$
00000001   MEM$
0001f8b0   MEM_MALLOCSEG
00000000   MEM_NULL
0001f8b0   MEM_SEGZERO
00000002   MEM_gNumHeap
00000000   OBJ$
00000000   PIP$
000210e0   PIP_A_TABBEG
000211a8   PIP_A_TABEND
00000002   PIP_A_TABLEN
0001f590   PIP_D_tabbeg
0001f594   PIP_D_tablen
00019074   PIP_F_give
00019074   PIP_F_probe
00019148   PIP_F_start
00018fe0   PIP_F_take
00000000   PIP_gNextId
00000002   PIP_gNumEmbed
00000001   PRD$
00000000   PRD_A_TABBEG
00000000   PRD_A_TABEND
00000000   PRD_A_TABLEN
0001f654   PRD_D_cur
0001f658   PRD_D_elapsed
0001f65c   PRD_D_prevtim
0001f660   PRD_D_scalar
0001f664   PRD_D_swihandle
0001f668   PRD_D_tabbeg
0001f66c   PRD_D_tablen
0001f670   PRD_D_thook
0001f650   PRD_D_tick
00018080   PRD_F_swi
000182dc   PRD_F_tick
00004000   PRD_SCALAR
00000000   PRD_SWIHANDLE
00018d98   PRD_THOOKFXN
00017018   PRD_clock
00000001   QUE$
0001f674   RTA_D_fromHost
0001f67c   RTA_D_logval
0001f68c   RTA_D_stsval
0001f678   RTA_D_toHost
0001aba0   RTA_F_andn
000189d8   RTA_F_dispatch
000188e0   RTA_F_getlog
00018924   RTA_F_getsts
0001abc0   RTA_F_or
0001896c   RTA_F_readblk
00018998   RTA_F_resetmem
0001898c   RTA_F_writeword
00021298   RTA_dispatcher
000212ac   RTA_dispatcher$
00018a18   RTA_execute
0002126c   RTA_fromHost
0001e8a4   RTA_fromHost$buf
000210e0   RTA_fromHost$pipe
00021110   RTA_fromHost$pipe$aaa
00021140   RTA_fromHost$pipe$bbb
0001f8b8   RTA_fromHost$pipe$dtab
000210e4   RTA_fromHost$pipe$rd
00021114   RTA_fromHost$pipe$wr
00021274   RTA_fromHost$rtdx
00021280   RTA_toHost
00020c80   RTA_toHost$buf
00021144   RTA_toHost$pipe
00021174   RTA_toHost$pipe$aaa
000211a4   RTA_toHost$pipe$bbb
0001f8c4   RTA_toHost$pipe$dtab
00021148   RTA_toHost$pipe$rd
00021178   RTA_toHost$pipe$wr
00021288   RTA_toHost$rtdx
00000001   RTDX$
00000408   RTDX_BUFMEMSIZE
0001f8b0   RTDX_DATAMEMSEG
00000001   RTDX_NORMALIZED_HDR
00000001   RTDX_USERTDX
00000000   RTDX_USERTEXECUTION
0001f8b4   SDRAM
80000000   SDRAM$B
00008000   SDRAM$L
00000000   SEM$
00000000   SIO$
00000001   STS$
0002120c   STS_A_TABBEG
0002123c   STS_A_TABEND
00000003   STS_A_TABLEN
0001aa30   STS_F_add
0001aa20   STS_F_delta
0001aa5c   STS_F_reset
00000001   SWI$
0002123c   SWI_A_TABBEG
00021268   SWI_A_TABEND
00000001   SWI_A_TABLEN
0001f5b8   SWI_D_curfxn
0001f5ac   SWI_D_curmask
0001f5bc   SWI_D_curmbox
0001f5b0   SWI_D_curset
0001f5d4   SWI_D_ehook
0001f5c4   SWI_D_execaddr
0001f5d0   SWI_D_ihook
0001f5c0   SWI_D_lock
0001f5b4   SWI_D_pending
0001f5cc   SWI_D_rdybeg
0001f5d8   SWI_D_rdytab
0001f5c8   SWI_D_runaddr
00000000   SWI_EHOOKFXN
000172bc   SWI_EXECFXN
00017020   SWI_F_enable
00017244   SWI_F_exec
000172bc   SWI_F_iexec
000170ac   SWI_F_post
00017490   SWI_F_run
00000000   SWI_IHOOKFXN
00017490   SWI_RUNFXN
00000001   SYS$
00020de0   SYS$config
0001ab40   SYS_ABORTFXN
0001aca0   SYS_ERRORFXN
0001ac80   SYS_EXITFXN
0001aae0   SYS_PUTCFXN
0001e8b8   TRC_R_mask
0001e8b4   TRC_cinit
00000001   TSK$
00000000   TSK_NUM_HOOKS
00000001   TSK_PRIORITY
00000000   TSK_READYFXN
0001f8b0   TSK_STACKSEG
00000400   TSK_STACKSIZE
00000000   TSK_SWITCHFXN
0001ace0   TSK_VCREATEFXN
0001ace0   TSK_VDELETEFXN
0001ace0   TSK_VEXITFXN
00020d8c   TSK_idle
000202e0   TSK_idle$stack
00020678   TSK_idle$stkptr
00021220   TSK_idle$sts
0002121c   TSK_idle$sts$stsobj
00000000   UDEV$
0001a5c0   _ATM_andi
0001a5c0   _ATM_andu
0001a5e0   _ATM_cleari
0001a5e0   _ATM_clearu
0001a5f8   _ATM_deci
0001a5f8   _ATM_decu
0001a614   _ATM_inci
0001a614   _ATM_incu
0001a630   _ATM_ori
0001a630   _ATM_oru
0001a64c   _ATM_seti
0001a64c   _ATM_setu
000206e0   _BIOS_init
000208fc   _BIOS_start
ffffffff   _CACHE_L2
0001ca20   _CACHE_clean
0001bb80   _CACHE_setL2Mode
0001be40   _CACHE_wait
0001cf60   _CACHE_wbInvL1d
0000dbba   _CLK_COUNTSPMS
00018f9c   _CLK_F_itime
0000dbba   _CLK_PRD
01940000   _CLK_REGS
00000000   _CLK_TDDR
00000000   _CLK_TIMERNUM
00000001   _CLK_USETIMER
00018f9c   _CLK_itime
0001a660   _CLK_start
0001a660   _CLK_start6x
0001d880   _CSL_cfgInit
0000f008   _DSK6713_AIC23_codeccontrolhandle
0000f00c   _DSK6713_AIC23_codecdatahandle
0001cc60   _DSK6713_AIC23_config
0001b860   _DSK6713_AIC23_openCodec
0001d680   _DSK6713_AIC23_read
0001cc3c   _DSK6713_AIC23_rget
0001cba0   _DSK6713_AIC23_rset
0001d420   _DSK6713_AIC23_setFreq
0001d600   _DSK6713_AIC23_write
0001d588   _DSK6713_DIP_get
0001d580   _DSK6713_DIP_init
0001b7f4   _DSK6713_getVersion
0001b42c   _DSK6713_init
0001b748   _DSK6713_rget
0001b75c   _DSK6713_rset
0000f014   _DSK6713_version
0001b770   _DSK6713_wait
0001b7c8   _DSK6713_waitusec
0001ace0   _FXN_F_nop
0001a808   _FXN_F_run
0001a858   _FXN_F_zero
00000000   _GBL_CACHE
00019d60   _GBL_cslCacheInit
0001a880   _GBL_cslInit
0001fa88   _GBL_cslTimerHandle
0001fa74   _GBL_irqEventTable
0001fa78   _GBL_irqIntTable
0001c508   _GBL_setPLLto225MHz
00021268   _HST_A_TABBEG
00021294   _HST_A_TABEND
00000002   _HST_A_TABLEN
0001fa60   _HWI_D_spsave
00017c40   _HWI_F_dispatch
0000000a   _HWI_INT10
0000000b   _HWI_INT11
0000000c   _HWI_INT12
0000000d   _HWI_INT13
0000000e   _HWI_INT14
0000000f   _HWI_INT15
00000004   _HWI_INT4
00000005   _HWI_INT5
00000006   _HWI_INT6
00000007   _HWI_INT7
00000008   _HWI_INT8
00000009   _HWI_INT9
00000001   _HWI_NMI
00000002   _HWI_RESERVED0
00000003   _HWI_RESERVED1
00000000   _HWI_RESET
000202d8   _HWI_STKBOTTOM
0001fee0   _HWI_STKTOP
0001f6b4   _HWI_dispatchTab
000212a0   _IDL0
00021230   _IDL_busyObj
0002129c   _IDL_cpuLoad
0001ac60   _IDL_loop
0001f964   _IN_L
0001f968   _IN_R
0001f8b0   _IRAM
0000f016   _IRAM_base
00008000   _IRAM_length
0001d780   _IRQ_enable
0001d860   _IRQ_globalDisable
0001d820   _IRQ_globalEnable
0001d800   _IRQ_globalRestore
0001f980   _KNL_alarm
00019e60   _KNL_check
0001f9a0   _KNL_curqueue
0001f994   _KNL_curtask
0001f99c   _KNL_curtime
0001f854   _KNL_dummy
00019c60   _KNL_enter
00019cf0   _KNL_exit
00019f10   _KNL_idle
0001f890   _KNL_idlefxn
0001f988   _KNL_inactive
0001a520   _KNL_ipost
00019f2c   _KNL_max
0001f9a4   _KNL_maxqueue
0001a2e0   _KNL_post
0001f998   _KNL_prevtask
0001f98c   _KNL_priority
0001f7b4   _KNL_queues
000183a0   _KNL_run
000197e0   _KNL_saveIsrFrame
0001f990   _KNL_set
0001f984   _KNL_setpri
0002123c   _KNL_swi
0001f88c   _KNL_swiptr
000198ac   _KNL_switch
0001f9ac   _KNL_tcreatefxn
0001f9b0   _KNL_tdeletefxn
00018d98   _KNL_tick
0001f9b4   _KNL_treadyfxn
0001f9a8   _KNL_tswitchfxn
0001f978   _KNL_wFlag
0001f97c   _KNL_wList
0001a4ac   _LCK_pend
0001a460   _LCK_post
00021294   _LNK_dataPump
000211f4   _LOG0
000211dc   _LOG_A_TABBEG
0002120c   _LOG_A_TABEND
00000002   _LOG_A_TABLEN
0001f58c   _LOG_D_system
0001a700   _LOG_event
0001ad20   _LOG_printf
000211dc   _LOG_system
0001d160   _MCBSP_open
0001c880   _MCBSP_reset
0001d060   _MCBSP_start
0001fa8c   _MEM
0001f69c   _MEM_D_NUMSEGMENTS
0001f6a4   _MEM_D_freelist
0001f6a8   _MEM_D_lockaddr
0001f6a0   _MEM_D_memtab
0001f6ac   _MEM_D_unlockaddr
0001a3a0   _MEM_init
0001f894   _MEM_memtab
0001f8d0   _OBJ_table
0001f962   _OUT_L
0001f960   _OUT_R
000210e0   _PIP_A_TABBEG
000211a8   _PIP_A_TABEND
00000002   _PIP_A_TABLEN
0001f650   _PRD_D_tick
00017018   _PRD_clock
0001a9c0   _QUE_get
0001a9e8   _QUE_put
00021298   _RTA_dispatcher
0002126c   _RTA_fromHost
00021280   _RTA_toHost
0001fa90   _RTDX_Buffer
0001fe9c   _RTDX_Buffer_End
0001efc0   _RTDX_Buffer_Initialize
0001f4e8   _RTDX_Buffer_Read
0001fe98   _RTDX_Buffer_Start
0001f2c0   _RTDX_Buffer_Write
0001e968   _RTDX_Final_RT_Monitor
0001e8e0   _RTDX_Init_RT_Monitor
0001e990   _RTDX_IsFlowEnabled
00000002   _RTDX_JTAGONLY
0001f540   _RTDX_Mask_IER
0001ee58   _RTDX_Mon_Queue
0001e9a4   _RTDX_Poll
0001f558   _RTDX_Set_IER
00000000   _RTDX_interrupt_mask
0001feac   _RTDX_writing
0001f8b4   _SDRAM
80000000   _SDRAM_base
00008000   _SDRAM_length
0001aa80   _SEM_pend
00018640   _SEM_pendEnterKnl
0001a060   _SEM_post
0001a140   _SEM_postEnterKnl
0002120c   _STS_A_TABBEG
0002123c   _STS_A_TABEND
00000003   _STS_A_TABLEN
0001aa30   _STS_add
0001aa20   _STS_delta
0001aa5c   _STS_reset
0001ad00   _STS_set
0001f5b8   _SWI_D_curfxn
0001f5ac   _SWI_D_curmask
0001f5c0   _SWI_D_lock
0001f5cc   _SWI_D_rdybeg
0001ac20   _SWI_post
0001f6b0   _SYS
00020a80   _SYS_PUTCBEG
00020c7f   _SYS_PUTCEND
0001a220   _SYS_exit
0001fa14   _SYS_exitStack
0001fa64   _SYS_exitStackPtr
0001fa68   _SYS_exitStackTop
0001d6e0   _TIMER_configArgs
0001cd00   _TIMER_open
0001ce40   _TIMER_reset
0001d740   _TIMER_start
0001e8b8   _TRC_R_mask
0001a960   _TRC_disable
0001a980   _TRC_enable
0001a99c   _TRC_query
0001f928   _TSK
0001f9b8   _TSK_ATTRS
00019600   _TSK_exit
00020d8c   _TSK_idle
0001a900   _TSK_init
0001fa6c   _TSK_nTasks
0001fa70   _TSK_pid
00019400   _TSK_setup
00019b74   _TSK_startup
0001f9d4   _TSK_timerSem
0001ab40   _UTL_doAbort
0001aca0   _UTL_doError
0001aae0   _UTL_doPutc
0001ac80   _UTL_halt
00018fb0   __CLK_lat1beg
00018fdc   __CLK_lat1end
0001c2c0   __CSL_init
0001f92c   __HOOK_NUMHOOKS
0001f8ac   __HOOK_knlId
00017c40   __HWI_lat1beg
00017dec   __HWI_lat1end
00017dec   __HWI_lat2beg
00017f7c   __HWI_lat2end1
00017f08   __HWI_lat2end2
00017fc4   __HWI_lat3beg
0001806c   __HWI_lat3end1
00017f40   __HWI_lat3end2
0001a780   __IDL_lat1beg
0001a7d0   __IDL_lat1end
0000ee94   __IRQ_dispatchTable
0000edd0   __IRQ_eventTable
0001d7c0   __IRQ_hookFetchPacket
0001d4e0   __IRQ_init
0000ee54   __IRQ_intTable
00019e94   __KNL_lat1beg
00019f10   __KNL_lat1end
0001a700   __LOG_lat1beg
0001a744   __LOG_lat1end1
0001a770   __LOG_lat1end2
0000ef58   __MCBSP_hDev0
0000ef5c   __MCBSP_hDev1
0001a9c0   __QUE_lat1beg
0001a9e0   __QUE_lat1end
0001a9e8   __QUE_lat2beg
0001aa00   __QUE_lat2end
00018998   __RTA_lat1beg
000189d0   __RTA_lat1end
00019200   __SEM_dopost
00000400   __STACK_SIZE
000171b4   __SWI_lat1beg
00017240   __SWI_lat1end1
000172fc   __SWI_lat1end2
000173a0   __SWI_lat2beg
0001748c   __SWI_lat2end2
00017020   __SWI_lat3beg
000170a8   __SWI_lat3end
0000efb0   __TIMER_deviceTable
0000efd0   __TIMER_hBios
0000efc8   __TIMER_hDev0
0000efcc   __TIMER_hDev1
0001f9f0   __TSK_mutex
ffffffff   ___binit__
0001f580   ___bss__
00020dfc   ___c_args__
0001d8c0   ___cinit__
00000000   ___data__
00000000   ___edata__
0001fa90   ___end__
0001d8c0   ___etext__
00020df0   ___pinit__
0001ad40   ___text__
000199a0   __auto_init
0000ef20   __cleanup_ptr
0000ef24   __dtors_ptr
0000f000   __lock
0001d8a0   __nop
0001d840   __register_lock
0001d7e0   __register_unlock
0001fee0   __stack
0001d260   __strasg
0000f004   __unlock
0001f95c   _amplitude
0001d340   _atexit
00000280   _bufferinL
00006fe0   _bufferinR
000209a0   _c_int00
0001f934   _canal
0001f970   _ciclo
0000ed80   _config
0001f93c   _cont_buffer
0001f940   _cont_buffer_coro1
0001f944   _cont_buffer_coro2
0000dd40   _coro1L
0000e560   _coro1R
0000e010   _coro2L
0000e830   _coro2R
0001f930   _fs
0001f96c   _gain
0001f938   _hAIC23_handle
0001ae00   _idle
0001ad40   _main
0001c080   _memcpy
0001f950   _muestrain
0001f948   _muestrainL
0001f94c   _muestrainR
0001f954   _muestraoutL
0001f958   _muestraoutR
0001f974   _n
0001ae38   _procesa
0001fea0   _rtdx_buffer_state
0001fec0   _rtdx_mon_state
00000200   _sine_table
0001b1bc   _tremolo
0001c4e0   _wait500nS
ffffffff   binit
0001d8c0   cinit
00000000   edata
0001fa90   end
0001d8c0   etext
00000000   hwi0
00000020   hwi1
00000140   hwi10
00000160   hwi11
00000180   hwi12
000001a0   hwi13
000001c0   hwi14
000001e0   hwi15
00000040   hwi2
00000060   hwi3
00000080   hwi4
000000a0   hwi5
000000c0   hwi6
000000e0   hwi7
00000100   hwi8
00000120   hwi9
00020df0   pinit


GLOBAL SYMBOLS: SORTED BY Symbol Address 

address    name
--------   ----
00000000   DIO_STATIC
00000000   DPI$
00000000   DIO_NUMSWIBASE
00000000   DIO_NUMTSKBASE
00000000   edata
00000000   HWI_RESET
00000000   HOOK$
00000000   hwi0
00000000   DIO$
00000000   HOOK_KNLID
00000000   _HWI_RESET
00000000   CLK_TDDRHIGH
00000000   CLK_TIMERNUM
00000000   DHL$
00000000   DHL_gChannelsAvailable
00000000   DEV$
00000000   DGN$
00000000   GBL_L2MARMASK3
00000000   GBL_L2MARMASK4
00000000   GBL_L2MARMASK1
00000000   GBL_L2MARMASK2
00000000   GBL_NULL
00000000   GBL_ROM
00000000   GBL_L2MARMASK5
00000000   GBL_L2PRIORITY
00000000   SWI_IHOOKFXN
00000000   GBL_C641XL2PRIORITY
00000000   GBL_CACHE
00000000   RTDX_USERTEXECUTION
00000000   GBL_BIGENDIAN
00000000   PIP$
00000000   GBL_L2CONFIGALLOC
00000000   PIP_gNextId
00000000   GIO$
00000000   CLK_TDDR
00000000   HWI_GENERATE_RESET_VEC
00000000   PRD_A_TABLEN
00000000   ___data__
00000000   MBX$
00000000   MEM_NULL
00000000   TSK_READYFXN
00000000   CLK_COUNTSPMSHIGH
00000000   .data
00000000   BUF$
00000000   PRD_SWIHANDLE
00000000   HWI_A_VECS
00000000   UDEV$
00000000   HST_NONE
00000000   ___edata__
00000000   TSK_SWITCHFXN
00000000   SWI_EHOOKFXN
00000000   CLK_PRDHIGH
00000000   SIO$
00000000   SEM$
00000000   HWI_POLARITYMASK
00000000   _GBL_CACHE
00000000   OBJ$
00000000   _RTDX_interrupt_mask
00000000   TSK_NUM_HOOKS
00000000   _CLK_TDDR
00000000   PRD_A_TABEND
00000000   PRD_A_TABBEG
00000000   _CLK_TIMERNUM
00000000   HST_DSM
00000001   IDL$
00000001   GBL_USERINIT
00000001   GBL_boot
00000001   HWI_NMI
00000001   TSK$
00000001   HST$
00000001   PRD$
00000001   RTDX_NORMALIZED_HDR
00000001   HWI$
00000001   HWI_ZEROTAB
00000001   HST_RTDX
00000001   RTDX_USERTDX
00000001   LOG_ENABLED
00000001   IDL_USECLKIDLTIME
00000001   TSK_PRIORITY
00000001   SWI$
00000001   RTDX$
00000001   _CLK_USETIMER
00000001   SWI_A_TABLEN
00000001   QUE$
00000001   ISRC$
00000001   MEM$
00000001   BUF_ENABLED
00000001   SYS$
00000001   CLK$
00000001   LCK$
00000001   GBL_L2CONFIGURE
00000001   LOG$
00000001   GBL_ENABLEINST
00000001   _HWI_NMI
00000001   GBL_SUPPORTCSL
00000001   GBL_L2MARMASK
00000001   GBL_CALLCSLCFGINIT
00000001   CLK_USETIMER
00000001   STS$
00000001   GBL$
00000002   _HWI_RESERVED0
00000002   _HST_A_TABLEN
00000002   IDL_A_CALLEN
00000002   HWI_RESERVED0
00000002   IDL_A_TABLEN
00000002   _LOG_A_TABLEN
00000002   PIP_A_TABLEN
00000002   HST_A_TABLEN
00000002   PIP_gNumEmbed
00000002   MEM_gNumHeap
00000002   _RTDX_JTAGONLY
00000002   _PIP_A_TABLEN
00000002   LOG_A_TABLEN
00000003   _HWI_RESERVED1
00000003   HWI_RESERVED1
00000003   STS_A_TABLEN
00000003   _STS_A_TABLEN
00000004   HWI_INT4
00000004   _HWI_INT4
00000005   _HWI_INT5
00000005   HWI_INT5
00000006   _HWI_INT6
00000006   HWI_INT6
00000007   HWI_INT7
00000007   _HWI_INT7
00000007   GBL_L2MODE
00000008   _HWI_INT8
00000008   HWI_INT8
00000008   CLK_A_TABLEN
00000009   HWI_INT9
00000009   _HWI_INT9
0000000a   _HWI_INT10
0000000a   HWI_INT10
0000000b   HWI_INT11
0000000b   _HWI_INT11
0000000c   HWI_INT12
0000000c   _HWI_INT12
0000000d   HWI_INT13
0000000d   _HWI_INT13
0000000e   HWI_INT14
0000000e   _HWI_INT14
0000000f   _HWI_INT15
0000000f   HWI_INT15
00000020   hwi1
00000020   CLK_TCR
00000040   HST_MAXFRAMESET
00000040   hwi2
00000040   LOG0$size
00000040   LOG_system$size
00000042   GBL_FOOTPRINT
00000060   hwi3
00000080   hwi4
000000a0   hwi5
000000c0   hwi6
000000e0   hwi7
00000100   hwi8
00000100   HST_MAXFRAMEALLOWED
00000120   hwi9
00000140   hwi10
00000160   hwi11
00000180   hwi12
000001a0   hwi13
000001c0   hwi14
000001e0   hwi15
00000200   _sine_table
00000280   _bufferinL
00000400   __STACK_SIZE
00000400   TSK_STACKSIZE
00000400   HST_DSMMEMSIZE
00000408   RTDX_BUFMEMSIZE
00000490   GBL_A_VERSION
00002226   GBL_L2ALLOC
00004000   CLK_INTBIT
00004000   PRD_SCALAR
00006fe0   _bufferinR
00008000   _SDRAM_length
00008000   _IRAM_length
00008000   SDRAM$L
00008000   IRAM$L
0000dbba   CLK_COUNTSPMS
0000dbba   _CLK_PRD
0000dbba   CLK_PRD
0000dbba   _CLK_COUNTSPMS
0000dbef   GBL_TRCMASKVALUE
0000dd40   _coro1L
0000e010   _coro2L
0000e560   _coro1R
0000e830   _coro2R
0000ed80   _config
0000edd0   __IRQ_eventTable
0000ee54   __IRQ_intTable
0000ee94   __IRQ_dispatchTable
0000ef20   __cleanup_ptr
0000ef24   __dtors_ptr
0000ef58   __MCBSP_hDev0
0000ef5c   __MCBSP_hDev1
0000efb0   __TIMER_deviceTable
0000efc8   __TIMER_hDev0
0000efcc   __TIMER_hDev1
0000efd0   __TIMER_hBios
0000f000   __lock
0000f004   __unlock
0000f008   _DSK6713_AIC23_codeccontrolhandle
0000f00c   _DSK6713_AIC23_codecdatahandle
0000f014   _DSK6713_version
0000f016   _IRAM_base
0000f016   IRAM$B
00017018   _PRD_clock
00017018   CLK_A_TABBEG
00017018   PRD_clock
0001701c   CLK_null
00017020   SWI_F_enable
00017020   CLK_A_TABEND
00017020   __SWI_lat3beg
000170a8   __SWI_lat3end
000170ac   SWI_F_post
000171b4   __SWI_lat1beg
00017240   __SWI_lat1end1
00017244   SWI_F_exec
000172bc   SWI_F_iexec
000172bc   SWI_EXECFXN
000172fc   __SWI_lat1end2
000173a0   __SWI_lat2beg
0001748c   __SWI_lat2end2
00017490   SWI_F_run
00017490   SWI_RUNFXN
00017700   LNK_F_checkBufferCall
00017720   LNK_F_getChanPtr
0001776c   LNK_F_init
00017774   LNK_F_dataPump
00017780   LNK_rcloop
00017830   LNK_rdrtry
00017838   LNK_rrloop
000178f0   LNK_wrrtry
000178f8   LNK_wrloop
000179c8   LNK_newin
00017ad8   LNK_newout
00017c18   LNK_F_readCallBack
00017c40   _HWI_F_dispatch
00017c40   CLK_HOOKFXN
00017c40   __HWI_lat1beg
00017c40   HWI_F_dispatch
00017dec   __HWI_lat1end
00017dec   __HWI_lat2beg
00017f08   __HWI_lat2end2
00017f40   __HWI_lat3end2
00017f7c   __HWI_lat2end1
00017fc4   __HWI_lat3beg
0001806c   __HWI_lat3end1
00018080   PRD_F_swi
000182dc   PRD_F_tick
000183a0   _KNL_run
00018640   _SEM_pendEnterKnl
000188e0   RTA_F_getlog
00018924   RTA_F_getsts
0001896c   RTA_F_readblk
0001898c   RTA_F_writeword
00018998   RTA_F_resetmem
00018998   __RTA_lat1beg
000189d0   __RTA_lat1end
000189d8   RTA_F_dispatch
00018a18   RTA_execute
00018d98   _KNL_tick
00018d98   PRD_THOOKFXN
00018dc0   CLK_F_getfhtime
00018de0   CLK_F_getshtime
00018de0   CLK_TIMEFXN
00018de0   CLK_F_gethtime
00018e54   CLK_F_getltime
00018e60   CLK_F_isr
00018f9c   _CLK_F_itime
00018f9c   _CLK_itime
00018f9c   CLK_F_itime
00018fb0   __CLK_lat1beg
00018fdc   __CLK_lat1end
00018fe0   PIP_F_take
00019074   PIP_F_probe
00019074   PIP_F_give
00019148   PIP_F_start
00019200   __SEM_dopost
00019400   _TSK_setup
00019600   _TSK_exit
000197e0   _KNL_saveIsrFrame
000198ac   _KNL_switch
00019960   KNL_glue
000199a0   __auto_init
00019b74   _TSK_startup
00019c60   _KNL_enter
00019cf0   _KNL_exit
00019d60   _GBL_cslCacheInit
00019e60   _KNL_check
00019e94   __KNL_lat1beg
00019f10   _KNL_idle
00019f10   __KNL_lat1end
00019f2c   _KNL_max
00019f60   IDL_F_calibrate
0001a060   _SEM_post
0001a140   _SEM_postEnterKnl
0001a220   _SYS_exit
0001a2e0   _KNL_post
0001a3a0   _MEM_init
0001a460   _LCK_post
0001a4ac   _LCK_pend
0001a520   _KNL_ipost
0001a5c0   _ATM_andu
0001a5c0   _ATM_andi
0001a5e0   _ATM_clearu
0001a5e0   _ATM_cleari
0001a5f8   _ATM_decu
0001a5f8   _ATM_deci
0001a614   _ATM_incu
0001a614   _ATM_inci
0001a630   _ATM_ori
0001a630   _ATM_oru
0001a64c   _ATM_seti
0001a64c   _ATM_setu
0001a660   _CLK_start
0001a660   _CLK_start6x
0001a700   LOG_F_event
0001a700   _LOG_event
0001a700   __LOG_lat1beg
0001a744   __LOG_lat1end1
0001a770   __LOG_lat1end2
0001a780   IDL_F_busy
0001a780   __IDL_lat1beg
0001a7d0   __IDL_lat1end
0001a800   FXN_F_nop
0001a808   FXN_F_run
0001a808   _FXN_F_run
0001a858   FXN_F_zero
0001a858   _FXN_F_zero
0001a880   _GBL_cslInit
0001a900   _TSK_init
0001a960   _TRC_disable
0001a980   _TRC_enable
0001a99c   _TRC_query
0001a9c0   _QUE_get
0001a9c0   __QUE_lat1beg
0001a9e0   __QUE_lat1end
0001a9e8   _QUE_put
0001a9e8   __QUE_lat2beg
0001aa00   __QUE_lat2end
0001aa20   _STS_delta
0001aa20   STS_F_delta
0001aa30   STS_F_add
0001aa30   _STS_add
0001aa5c   _STS_reset
0001aa5c   STS_F_reset
0001aa80   _SEM_pend
0001aae0   SYS_PUTCFXN
0001aae0   _UTL_doPutc
0001ab40   _UTL_doAbort
0001ab40   SYS_ABORTFXN
0001aba0   RTA_F_andn
0001abc0   RTA_F_or
0001abe0   IDL_CALIBRFXN
0001abe0   IDL_F_stub
0001ac20   _SWI_post
0001ac60   _IDL_loop
0001ac60   IDL_F_loop
0001ac80   SYS_EXITFXN
0001ac80   _UTL_halt
0001aca0   _UTL_doError
0001aca0   SYS_ERRORFXN
0001acc0   GBL_F_version
0001ace0   GIO_CREATEFXN
0001ace0   GIO_DELETEFXN
0001ace0   TSK_VCREATEFXN
0001ace0   TSK_VDELETEFXN
0001ace0   GIO_POSTFXN
0001ace0   _FXN_F_nop
0001ace0   TSK_VEXITFXN
0001ace0   GIO_PENDFXN
0001ad00   _STS_set
0001ad20   _LOG_printf
0001ad40   .text
0001ad40   ___text__
0001ad40   _main
0001ae00   _idle
0001ae38   _procesa
0001b1bc   _tremolo
0001b42c   _DSK6713_init
0001b748   _DSK6713_rget
0001b75c   _DSK6713_rset
0001b770   _DSK6713_wait
0001b7c8   _DSK6713_waitusec
0001b7f4   _DSK6713_getVersion
0001b860   _DSK6713_AIC23_openCodec
0001bb80   _CACHE_setL2Mode
0001be40   _CACHE_wait
0001c080   _memcpy
0001c2c0   __CSL_init
0001c4e0   _wait500nS
0001c508   GBL_USERINITFXN
0001c508   _GBL_setPLLto225MHz
0001c880   _MCBSP_reset
0001ca20   _CACHE_clean
0001cba0   _DSK6713_AIC23_rset
0001cc3c   _DSK6713_AIC23_rget
0001cc60   _DSK6713_AIC23_config
0001cd00   _TIMER_open
0001ce40   _TIMER_reset
0001cf60   _CACHE_wbInvL1d
0001d060   _MCBSP_start
0001d160   _MCBSP_open
0001d260   __strasg
0001d340   _atexit
0001d420   _DSK6713_AIC23_setFreq
0001d4e0   __IRQ_init
0001d580   _DSK6713_DIP_init
0001d588   _DSK6713_DIP_get
0001d600   _DSK6713_AIC23_write
0001d680   _DSK6713_AIC23_read
0001d6e0   _TIMER_configArgs
0001d740   _TIMER_start
0001d780   _IRQ_enable
0001d7c0   __IRQ_hookFetchPacket
0001d7e0   __register_unlock
0001d800   _IRQ_globalRestore
0001d820   _IRQ_globalEnable
0001d840   __register_lock
0001d860   _IRQ_globalDisable
0001d880   _CSL_cfgInit
0001d8a0   __nop
0001d8c0   ___cinit__
0001d8c0   ___etext__
0001d8c0   etext
0001d8c0   cinit
0001e8a4   RTA_fromHost$buf
0001e8b4   TRC_cinit
0001e8b8   _TRC_R_mask
0001e8b8   TRC_R_mask
0001e8bc   GBL_initdone
0001e8e0   _RTDX_Init_RT_Monitor
0001e968   _RTDX_Final_RT_Monitor
0001e990   _RTDX_IsFlowEnabled
0001e9a4   _RTDX_Poll
0001ee58   _RTDX_Mon_Queue
0001efc0   _RTDX_Buffer_Initialize
0001f2c0   _RTDX_Buffer_Write
0001f4e8   _RTDX_Buffer_Read
0001f540   _RTDX_Mask_IER
0001f558   _RTDX_Set_IER
0001f580   .bss
0001f580   IDL_D_tabbeg
0001f580   ___bss__
0001f580   $bss
0001f584   IDL_D_calibrate
0001f588   IDL_D_calbeg
0001f58c   LOG_D_system
0001f58c   _LOG_D_system
0001f590   PIP_D_tabbeg
0001f594   PIP_D_tablen
0001f598   CLK_R_time
0001f59c   CLK_D_timefxn
0001f5a0   CLK_D_tabbeg
0001f5a4   CLK_D_isrhook
0001f5a8   CLK_D_idletime
0001f5ac   _SWI_D_curmask
0001f5ac   SWI_D_curmask
0001f5b0   SWI_D_curset
0001f5b4   SWI_D_pending
0001f5b8   _SWI_D_curfxn
0001f5b8   SWI_D_curfxn
0001f5bc   SWI_D_curmbox
0001f5c0   _SWI_D_lock
0001f5c0   SWI_D_lock
0001f5c4   SWI_D_execaddr
0001f5c8   SWI_D_runaddr
0001f5cc   SWI_D_rdybeg
0001f5cc   _SWI_D_rdybeg
0001f5d0   SWI_D_ihook
0001f5d4   SWI_D_ehook
0001f5d8   SWI_D_rdytab
0001f650   PRD_D_tick
0001f650   _PRD_D_tick
0001f654   PRD_D_cur
0001f658   PRD_D_elapsed
0001f65c   PRD_D_prevtim
0001f660   PRD_D_scalar
0001f664   PRD_D_swihandle
0001f668   PRD_D_tabbeg
0001f66c   PRD_D_tablen
0001f670   PRD_D_thook
0001f674   RTA_D_fromHost
0001f678   RTA_D_toHost
0001f67c   RTA_D_logval
0001f68c   RTA_D_stsval
0001f698   HST_D_chanmask
0001f69c   _MEM_D_NUMSEGMENTS
0001f6a0   _MEM_D_memtab
0001f6a4   _MEM_D_freelist
0001f6a8   _MEM_D_lockaddr
0001f6ac   _MEM_D_unlockaddr
0001f6b0   _SYS
0001f6b4   _HWI_dispatchTab
0001f7b4   _KNL_queues
0001f854   _KNL_dummy
0001f88c   _KNL_swiptr
0001f890   _KNL_idlefxn
0001f894   _MEM_memtab
0001f8ac   __HOOK_knlId
0001f8b0   RTDX_DATAMEMSEG
0001f8b0   _IRAM
0001f8b0   MEM_MALLOCSEG
0001f8b0   TSK_STACKSEG
0001f8b0   IRAM
0001f8b0   HST_DSMBUFSEG
0001f8b0   MEM_SEGZERO
0001f8b4   _SDRAM
0001f8b4   SDRAM
0001f8b8   RTA_fromHost$pipe$dtab
0001f8c4   RTA_toHost$pipe$dtab
0001f8d0   _OBJ_table
0001f928   _TSK
0001f92c   __HOOK_NUMHOOKS
0001f930   _fs
0001f934   _canal
0001f938   _hAIC23_handle
0001f93c   _cont_buffer
0001f940   _cont_buffer_coro1
0001f944   _cont_buffer_coro2
0001f948   _muestrainL
0001f94c   _muestrainR
0001f950   _muestrain
0001f954   _muestraoutL
0001f958   _muestraoutR
0001f95c   _amplitude
0001f960   _OUT_R
0001f962   _OUT_L
0001f964   _IN_L
0001f968   _IN_R
0001f96c   _gain
0001f970   _ciclo
0001f974   _n
0001f978   _KNL_wFlag
0001f97c   _KNL_wList
0001f980   _KNL_alarm
0001f984   _KNL_setpri
0001f988   _KNL_inactive
0001f98c   _KNL_priority
0001f990   _KNL_set
0001f994   _KNL_curtask
0001f998   _KNL_prevtask
0001f99c   _KNL_curtime
0001f9a0   _KNL_curqueue
0001f9a4   _KNL_maxqueue
0001f9a8   _KNL_tswitchfxn
0001f9ac   _KNL_tcreatefxn
0001f9b0   _KNL_tdeletefxn
0001f9b4   _KNL_treadyfxn
0001f9b8   _TSK_ATTRS
0001f9d4   _TSK_timerSem
0001f9f0   __TSK_mutex
0001fa14   _SYS_exitStack
0001fa34   LNK_dspFrameRequestMask
0001fa38   LNK_dspFrameReadyMask
0001fa3c   LNK_readPend
0001fa40   LNK_readDone
0001fa44   LNK_readFail
0001fa48   LNK_writeFail
0001fa5c   HWI_D_ccmask
0001fa60   _HWI_D_spsave
0001fa64   _SYS_exitStackPtr
0001fa68   _SYS_exitStackTop
0001fa6c   _TSK_nTasks
0001fa70   _TSK_pid
0001fa74   _GBL_irqEventTable
0001fa78   _GBL_irqIntTable
0001fa84   IDL_D_busyObj
0001fa88   _GBL_cslTimerHandle
0001fa8c   _MEM
0001fa90   end
0001fa90   ___end__
0001fa90   _RTDX_Buffer
0001fe98   _RTDX_Buffer_Start
0001fe9c   _RTDX_Buffer_End
0001fea0   _rtdx_buffer_state
0001feac   _RTDX_writing
0001fec0   _rtdx_mon_state
0001fee0   _HWI_STKTOP
0001fee0   __stack
0001fee0   GBL_stackbeg
000202d8   _HWI_STKBOTTOM
000202df   GBL_stackend
000202e0   TSK_idle$stack
00020678   TSK_idle$stkptr
000206e0   BIOS_init
000206e0   _BIOS_init
0002086c   BIOS$$CLKON
0002089c   BIOS$$CLKOFF
000208fc   BIOS_start
000208fc   _BIOS_start
000209a0   _c_int00
00020a80   _SYS_PUTCBEG
00020c7f   _SYS_PUTCEND
00020c80   RTA_toHost$buf
00020d8c   _TSK_idle
00020d8c   TSK_idle
00020de0   SYS$config
00020df0   ___pinit__
00020df0   pinit
00020dfc   ___c_args__
00020e00   LOG_system$buf
00020f00   LOG0$buf
000210e0   RTA_fromHost$pipe
000210e0   _PIP_A_TABBEG
000210e0   PIP_A_TABBEG
000210e4   RTA_fromHost$pipe$rd
00021110   RTA_fromHost$pipe$aaa
00021114   RTA_fromHost$pipe$wr
00021140   RTA_fromHost$pipe$bbb
00021144   RTA_toHost$pipe
00021148   RTA_toHost$pipe$rd
00021174   RTA_toHost$pipe$aaa
00021178   RTA_toHost$pipe$wr
000211a4   RTA_toHost$pipe$bbb
000211a8   _PIP_A_TABEND
000211a8   PIP_A_TABEND
000211dc   LOG_system
000211dc   LOG_A_TABBEG
000211dc   _LOG_A_TABBEG
000211dc   _LOG_system
000211f4   LOG0
000211f4   _LOG0
0002120c   LOG_A_TABEND
0002120c   _STS_A_TABBEG
0002120c   STS_A_TABBEG
0002120c   KNL_swi$sts$stsobj
0002120c   _LOG_A_TABEND
00021210   KNL_swi$sts
0002121c   TSK_idle$sts$stsobj
00021220   TSK_idle$sts
0002122c   IDL_busyObj$stsobj
00021230   IDL_busyObj
00021230   _IDL_busyObj
0002123c   SWI_A_TABBEG
0002123c   STS_A_TABEND
0002123c   KNL_swi
0002123c   _KNL_swi
0002123c   _STS_A_TABEND
00021268   _HST_A_TABBEG
00021268   HST_A_TABBEG
00021268   SWI_A_TABEND
0002126c   _RTA_fromHost
0002126c   RTA_fromHost
00021274   RTA_fromHost$rtdx
00021280   RTA_toHost
00021280   _RTA_toHost
00021288   RTA_toHost$rtdx
00021294   _LNK_dataPump
00021294   LNK_dataPump
00021294   IDL_A_TABBEG
00021294   _HST_A_TABEND
00021294   HST_A_TABEND
00021298   RTA_dispatcher
00021298   _RTA_dispatcher
0002129c   IDL_cpuLoad
0002129c   _IDL_cpuLoad
000212a0   IDL0
000212a0   _IDL0
000212a4   IDL_END
000212a8   LNK_dataPump$
000212a8   IDL_A_CALBEG
000212a8   IDL_A_TABEND
000212ac   RTA_dispatcher$
000212b0   IDL_cpuLoad$
000212b4   IDL0$
000212b8   IDL_END$
000212bc   IDL_A_CALEND
01940000   CLK_REGS
01940000   _CLK_REGS
082d3da3   HWI_INTRMULTHIGH
310718a4   HWI_INTRMULTLOW
80000000   _SDRAM_base
80000000   SDRAM$B
ffffffff   ___binit__
ffffffff   binit
ffffffff   CACHE_L2
ffffffff   _CACHE_L2

[680 symbols]
